
[1m[46m RUN [49m[22m [36mv4.0.13 [39m[90m/home/gaibeul/Documents/Projet-Cursor/cerfaosanalyse/frontend[39m


[31m⎯⎯⎯⎯⎯⎯[39m[1m[41m Failed Suites 1 [49m[22m[31m⎯⎯⎯⎯⎯⎯⎯[39m

[41m[1m FAIL [22m[49m src/components/FatigueCard.test.tsx[2m [ src/components/FatigueCard.test.tsx ][22m
[31m[1mError[22m: Cannot find module '@testing-library/dom'
Require stack:
- /home/gaibeul/Documents/Projet-Cursor/cerfaosanalyse/frontend/node_modules/@testing-library/react/dist/pure.js[39m
[90m [2m❯[22m Object.<anonymous> node_modules/@testing-library/react/dist/pure.js:[2m46:12[22m[39m

[31m[2m⎯⎯⎯⎯⎯⎯⎯⎯⎯⎯⎯⎯⎯⎯⎯⎯⎯⎯⎯⎯⎯⎯⎯⎯[1/1]⎯[22m[39m


[2m Test Files [22m [1m[31m1 failed[39m[22m[90m (1)[39m
[2m      Tests [22m [2mno tests[22m
[2m   Start at [22m 07:59:32
[2m   Duration [22m 665ms[2m (transform 39ms, setup 63ms, collect 0ms, tests 0ms, environment 379ms, prepare 7ms)[22m

